[gram] task=graph_coloring params=231.3K device=cpu guidance=none N_sup=4 K=2 T=2
  epoch     4 | loss 0.8808 | rec 0.6227 | kl 0.0000 | train_acc 0.060 | test_acc 0.057 | valid 0.283
  epoch     8 | loss 0.8827 | rec 0.5742 | kl 0.0000 | train_acc 0.081 | test_acc 0.189 | valid 0.509
  epoch    12 | loss 0.9006 | rec 0.5405 | kl 0.0000 | train_acc 0.104 | test_acc 0.340 | valid 0.509
  epoch    16 | loss 0.9233 | rec 0.5268 | kl 0.0000 | train_acc 0.117 | test_acc 0.302 | valid 0.547
  epoch    20 | loss 0.9091 | rec 0.5149 | kl 0.0000 | train_acc 0.121 | test_acc 0.340 | valid 0.547
  epoch    24 | loss 0.9165 | rec 0.5078 | kl 0.0000 | train_acc 0.131 | test_acc 0.340 | valid 0.547
  epoch    28 | loss 0.9063 | rec 0.5107 | kl 0.0000 | train_acc 0.122 | test_acc 0.415 | valid 0.585
  epoch    32 | loss 0.9171 | rec 0.5050 | kl 0.0000 | train_acc 0.130 | test_acc 0.396 | valid 0.566
  epoch    36 | loss 0.9179 | rec 0.5028 | kl 0.0000 | train_acc 0.130 | test_acc 0.340 | valid 0.509
  epoch    40 | loss 0.9183 | rec 0.4969 | kl 0.0000 | train_acc 0.135 | test_acc 0.396 | valid 0.566

best evaluation metrics:
{
  "exact_match": 0.4150943458080292,
  "token_accuracy": 0.8584904670715332,
  "mean_halt_step": 4.0,
  "num_samples": 20.0,
  "constraint_accuracy": 0.5849056603773585,
  "conflict_edges": 0.5094339622641509,
  "coverage": 0.10501340902284297,
  "mean_num_solutions": 9.622641509433961,
  "sample_diversity": 0.04999999999999998
}
